
> millet-home-foods-pos@0.1.0 build
> vite build

npm : [baseline-browser-mapping] The data in this module is over two months 
old.  To ensure accurate Baseline data, please update: `npm i 
baseline-browser-mapping@latest -D`
At line:1 char:1
+ npm run build 2>&1 | Out-File build-errors.txt; Write-Host "Exit: $LA ...
+ ~~~~~~~~~~~~~~~~~~
    + CategoryInfo          : NotSpecified: ([baseline-brows...ping@latest -D` 
   :String) [], RemoteException
    + FullyQualifiedErrorId : NativeCommandError
 
[36mvite v5.4.20 [32mbuilding for production...[36m[39m
transforming...
Browserslist: browsers data (caniuse-lite) is 6 months old. Please run:
  npx update-browserslist-db@latest
  Why you should do it regularly: 
https://github.com/browserslist/update-db#readme
[32mΓ£ô[39m 1985 modules transformed.
rendering chunks...
[1m[33m[plugin:vite:reporter][39m[22m [33m[plugin vite:reporter] 
(!) C:/Users/aviS/Downloads/respos/node_modules/firebase/firestore/dist/esm/ind
ex.esm.js is dynamically imported by 
C:/Users/aviS/Downloads/respos/src/contexts/RealtimeTableContext.tsx, 
C:/Users/aviS/Downloads/respos/src/contexts/TemporaryOrderContext.tsx, 
C:/Users/aviS/Downloads/respos/src/contexts/TemporaryOrderContext.tsx but also 
statically imported by 
C:/Users/aviS/Downloads/respos/src/components/debug/RegistrationDebug.tsx, 
C:/Users/aviS/Downloads/respos/src/components/menu/MenuImport.tsx, 
C:/Users/aviS/Downloads/respos/src/contexts/AuthContext.tsx, 
C:/Users/aviS/Downloads/respos/src/contexts/CartContext.tsx, 
C:/Users/aviS/Downloads/respos/src/contexts/CategoryContext.tsx, 
C:/Users/aviS/Downloads/respos/src/contexts/CustomerDataService.ts, 
C:/Users/aviS/Downloads/respos/src/contexts/FranchiseContext.tsx, 
C:/Users/aviS/Downloads/respos/src/contexts/LocationContext.tsx, 
C:/Users/aviS/Downloads/respos/src/contexts/ManagerOrderContext.tsx, 
C:/Users/aviS/Downloads/respos/src/contexts/MenuItemContext.tsx, 
C:/Users/aviS/Downloads/respos/src/contexts/OrderContext.tsx, 
C:/Users/aviS/Downloads/respos/src/contexts/ProductContext.tsx, 
C:/Users/aviS/Downloads/respos/src/contexts/PurchaseContext.tsx, 
C:/Users/aviS/Downloads/respos/src/contexts/RealtimeTableContext.tsx, 
C:/Users/aviS/Downloads/respos/src/contexts/RestaurantContext.tsx, 
C:/Users/aviS/Downloads/respos/src/contexts/ReturnContext.tsx, 
C:/Users/aviS/Downloads/respos/src/contexts/SalesContext.tsx, 
C:/Users/aviS/Downloads/respos/src/contexts/StockContext.tsx, 
C:/Users/aviS/Downloads/respos/src/contexts/TableContext.tsx, 
C:/Users/aviS/Downloads/respos/src/contexts/TemporaryOrderContext.tsx, 
C:/Users/aviS/Downloads/respos/src/contexts/TemporaryOrdersDisplayContext.tsx, 
C:/Users/aviS/Downloads/respos/src/firebase/config.ts, 
C:/Users/aviS/Downloads/respos/src/pages/admin/OrdersPage.tsx, 
C:/Users/aviS/Downloads/respos/src/pages/admin/UsersPage.tsx, 
C:/Users/aviS/Downloads/respos/src/pages/dashboards/AdminDashboard.tsx, 
C:/Users/aviS/Downloads/respos/src/pages/dashboards/ManagerDashboard.tsx, 
C:/Users/aviS/Downloads/respos/src/pages/franchise/UsersPage.tsx, 
C:/Users/aviS/Downloads/respos/src/pages/manager/OrdersPage.tsx, 
C:/Users/aviS/Downloads/respos/src/pages/manager/UsersPage.tsx, 
C:/Users/aviS/Downloads/respos/src/pages/reports/SalesReportPage.tsx, 
C:/Users/aviS/Downloads/respos/src/pages/staff/OrdersPage.tsx, 
C:/Users/aviS/Downloads/respos/src/pages/superadmin/FranchisesPage.tsx, 
C:/Users/aviS/Downloads/respos/src/pages/superadmin/UsersPage.tsx, 
C:/Users/aviS/Downloads/respos/src/services/couponService.ts, 
C:/Users/aviS/Downloads/respos/src/services/orderService.ts, 
C:/Users/aviS/Downloads/respos/src/services/setupService.ts, 
C:/Users/aviS/Downloads/respos/src/utils/franchiseUtils.ts, 
C:/Users/aviS/Downloads/respos/src/utils/indexesHelper.ts, dynamic import will 
not move module into another chunk.
[39m
[1m[33m[plugin:vite:reporter][39m[22m [33m[plugin vite:reporter] 
(!) C:/Users/aviS/Downloads/respos/src/lib/db.ts is dynamically imported by 
C:/Users/aviS/Downloads/respos/src/contexts/TemporaryOrderContext.tsx, 
C:/Users/aviS/Downloads/respos/src/contexts/TemporaryOrderContext.tsx but also 
statically imported by 
C:/Users/aviS/Downloads/respos/src/contexts/OrderContext.tsx, 
C:/Users/aviS/Downloads/respos/src/contexts/RealtimeTableContext.tsx, 
C:/Users/aviS/Downloads/respos/src/contexts/TableContext.tsx, 
C:/Users/aviS/Downloads/respos/src/contexts/TemporaryOrdersDisplayContext.tsx, 
C:/Users/aviS/Downloads/respos/src/pages/dashboards/AdminDashboard.tsx, 
C:/Users/aviS/Downloads/respos/src/pages/dashboards/ManagerDashboard.tsx, 
C:/Users/aviS/Downloads/respos/src/pages/manager/OrdersPage.tsx, 
C:/Users/aviS/Downloads/respos/src/pages/reports/SalesReportPage.tsx, 
C:/Users/aviS/Downloads/respos/src/pages/staff/OrdersPage.tsx, 
C:/Users/aviS/Downloads/respos/src/services/couponService.ts, 
C:/Users/aviS/Downloads/respos/src/services/orderService.ts, dynamic import 
will not move module into another chunk.
[39m
[1m[33m[plugin:vite:reporter][39m[22m [33m[plugin vite:reporter] 
(!) C:/Users/aviS/Downloads/respos/src/utils/franchiseUtils.ts is dynamically 
imported by 
C:/Users/aviS/Downloads/respos/src/pages/manager/ManagerPendingOrdersPage.tsx 
but also statically imported by 
C:/Users/aviS/Downloads/respos/src/components/order/FinalReceiptModal.tsx, 
C:/Users/aviS/Downloads/respos/src/components/order/ViewOrderModal.tsx, 
C:/Users/aviS/Downloads/respos/src/components/pos/ReceiptModal.tsx, 
C:/Users/aviS/Downloads/respos/src/pages/print/PrintReceiptPage.tsx, dynamic 
import will not move module into another chunk.
[39m
[1m[33m[plugin:vite:reporter][39m[22m [33m[plugin vite:reporter] 
(!) C:/Users/aviS/Downloads/respos/src/contexts/CustomerDataService.ts is 
dynamically imported by 
C:/Users/aviS/Downloads/respos/src/components/CustomerInfoAndPaymentModal.tsx, 
C:/Users/aviS/Downloads/respos/src/pages/manager/ManagerPendingOrdersPage.tsx, 
C:/Users/aviS/Downloads/respos/src/pages/manager/ManagerPendingOrdersPage.tsx 
but also statically imported by 
C:/Users/aviS/Downloads/respos/src/components/order/GoForBillModal.tsx, 
C:/Users/aviS/Downloads/respos/src/pages/userbase/UserbasePage.tsx, dynamic 
import will not move module into another chunk.
[39m
computing gzip size...
[2mdist/[22m[32mregisterSW.js                         [39m[1m[2m    0.13 kB[22m[1m[22m
[2mdist/[22m[32mmanifest.webmanifest                  [39m[1m[2m    0.56 kB[22m[1m[22m
[2mdist/[22m[32mindex.html                            [39m[1m[2m    7.18 kB[22m[1m[22m[2m Γöé gzip:   2.20 kB[22m
[2mdist/[22m[35massets/index-BvqfUW3T.css             [39m[1m[2m   80.66 kB[22m[1m[22m[2m Γöé gzip:  12.58 kB[22m
[2mdist/[22m[36massets/TableBasedPOSPage-CQC2tfjr.js  [39m[1m[2m   25.00 kB[22m[1m[22m[2m Γöé gzip:   5.01 kB[22m
[2mdist/[22m[36massets/ManagerPOSPage-Bs__llVj.js     [39m[1m[2m   25.40 kB[22m[1m[22m[2m Γöé gzip:   5.28 kB[22m
[2mdist/[22m[36massets/index-BHekBRKr.js              [39m[1m[33m2,021.69 kB[39m[22m[2m Γöé gzip: 497.89 kB[22m
[33m
(!) Some chunks are larger than 500 kB after minification. Consider:
- Using dynamic import() to code-split the application
- Use build.rollupOptions.output.manualChunks to improve chunking: 
https://rollupjs.org/configuration-options/#output-manualchunks
- Adjust chunk size limit for this warning via 
build.chunkSizeWarningLimit.[39m
[32mΓ£ô built in 14.44s[39m

PWA v1.1.0
mode      generateSW
precache  35 entries (906.81 KiB)
files generated
  dist/sw.js
  dist/workbox-616a6c19.js
